// Jest Snapshot v1, https://goo.gl/fbAQLP

exports[`matches snapshot 1`] = `
<DocumentFragment>
  <div
    class="TodoList"
  >
    <form>
      <label
        for="text"
      >
        New Todo:
      </label>
      <input
        id="text"
        name="text"
        type="text"
        value=""
      />
      <button>
        Add Todo
      </button>
    </form>
    <div />
  </div>
</DocumentFragment>
`;
